Last login: Wed Oct 16 13:59:06 on ttys000
(base) youjiadeMacBook-Air:~ youjia$ mysql -u root -p
Enter password: 
Welcome to the MySQL monitor.  Commands end with ; or \g.
Your MySQL connection id is 21
Server version: 8.0.18 MySQL Community Server - GPL

Copyright (c) 2000, 2019, Oracle and/or its affiliates. All rights reserved.

Oracle is a registered trademark of Oracle Corporation and/or its
affiliates. Other names may be trademarks of their respective
owners.

Type 'help;' or '\h' for help. Type '\c' to clear the current input statement.


mysql> show databases
    -> show databases;
ERROR 1064 (42000): You have an error in your SQL syntax; check the manual that corresponds to your MySQL server version for the right syntax to use near 'show databases' at line 2
mysql> show databases;
+--------------------+
| Database           |
+--------------------+
| information_schema |
| mydb               |
| mysql              |
| performance_schema |
| sys                |
+--------------------+
5 rows in set (0.13 sec)

mysql> exit
Bye

(base) youjiadeMacBook-Air:~ youjia$ mysql -u root -p
Enter password: 
Welcome to the MySQL monitor.  Commands end with ; or \g.
Your MySQL connection id is 23
Server version: 8.0.18 MySQL Community Server - GPL

Copyright (c) 2000, 2019, Oracle and/or its affiliates. All rights reserved.

Oracle is a registered trademark of Oracle Corporation and/or its
affiliates. Other names may be trademarks of their respective
owners.

Type 'help;' or '\h' for help. Type '\c' to clear the current input statement.

mysql> show databases;
+--------------------+
| Database           |
+--------------------+
| information_schema |
| mydb               |
| mysql              |
| performance_schema |
| sys                |
+--------------------+
5 rows in set (0.01 sec)

mysql> use mydb
Database changed
mysql> show tables
    -> show tables;
ERROR 1064 (42000): You have an error in your SQL syntax; check the manual that corresponds to your MySQL server version for the right syntax to use near 'show tables' at line 2
mysql> show tables;
Empty set (0.01 sec)

mysql> source /Users/youjia/practice.sql;
Query OK, 0 rows affected (0.00 sec)

Query OK, 0 rows affected (0.00 sec)

Query OK, 0 rows affected (0.00 sec)

Query OK, 0 rows affected, 1 warning (0.00 sec)

Query OK, 0 rows affected (0.00 sec)

Query OK, 0 rows affected (0.00 sec)

Query OK, 0 rows affected (0.00 sec)

Query OK, 0 rows affected (0.00 sec)

Query OK, 0 rows affected (0.00 sec)

Query OK, 0 rows affected (0.00 sec)

Query OK, 0 rows affected (0.09 sec)

Query OK, 0 rows affected (0.00 sec)

Query OK, 0 rows affected, 1 warning (0.00 sec)

Query OK, 0 rows affected, 1 warning (0.32 sec)

Query OK, 0 rows affected, 1 warning (0.00 sec)

Query OK, 0 rows affected (0.05 sec)

Query OK, 0 rows affected (0.01 sec)

Query OK, 8 rows affected (0.01 sec)
Records: 8  Duplicates: 0  Warnings: 0

Query OK, 0 rows affected (0.01 sec)

Query OK, 0 rows affected (0.00 sec)

Query OK, 0 rows affected (0.01 sec)

Query OK, 0 rows affected (0.00 sec)

Query OK, 0 rows affected, 1 warning (0.00 sec)

Query OK, 0 rows affected, 2 warnings (0.04 sec)

Query OK, 0 rows affected, 1 warning (0.00 sec)

Query OK, 0 rows affected (0.00 sec)

Query OK, 0 rows affected (0.00 sec)

Query OK, 3 rows affected (0.01 sec)
Records: 3  Duplicates: 0  Warnings: 0

Query OK, 0 rows affected (0.00 sec)

Query OK, 0 rows affected (0.00 sec)

Query OK, 0 rows affected (0.02 sec)

Query OK, 0 rows affected (0.00 sec)

Query OK, 0 rows affected, 1 warning (0.00 sec)

Query OK, 0 rows affected, 5 warnings (0.03 sec)

Query OK, 0 rows affected, 1 warning (0.00 sec)

Query OK, 0 rows affected (0.00 sec)

Query OK, 0 rows affected (0.00 sec)

Query OK, 4 rows affected (0.01 sec)
Records: 4  Duplicates: 0  Warnings: 0

Query OK, 0 rows affected (0.00 sec)

Query OK, 0 rows affected (0.00 sec)

Query OK, 0 rows affected (0.00 sec)

Query OK, 0 rows affected (0.00 sec)

Query OK, 0 rows affected, 1 warning (0.00 sec)

Query OK, 0 rows affected, 2 warnings (0.03 sec)

Query OK, 0 rows affected, 1 warning (0.00 sec)

Query OK, 0 rows affected (0.00 sec)

Query OK, 0 rows affected (0.00 sec)

Query OK, 3 rows affected (0.00 sec)
Records: 3  Duplicates: 0  Warnings: 0

Query OK, 0 rows affected (0.01 sec)

Query OK, 0 rows affected (0.00 sec)

Query OK, 0 rows affected (0.01 sec)

Query OK, 0 rows affected (0.00 sec)

Query OK, 0 rows affected, 1 warning (0.00 sec)

Query OK, 0 rows affected, 2 warnings (0.03 sec)

Query OK, 0 rows affected, 1 warning (0.00 sec)

Query OK, 0 rows affected (0.00 sec)

Query OK, 0 rows affected (0.00 sec)

Query OK, 200 rows affected (0.01 sec)
Records: 200  Duplicates: 0  Warnings: 0

Query OK, 0 rows affected (0.01 sec)

Query OK, 0 rows affected (0.00 sec)

Query OK, 0 rows affected (0.00 sec)

Query OK, 0 rows affected (0.00 sec)

Query OK, 0 rows affected (0.00 sec)

Query OK, 0 rows affected (0.00 sec)

Query OK, 0 rows affected (0.00 sec)

Query OK, 0 rows affected (0.00 sec)

Query OK, 0 rows affected (0.00 sec)

Query OK, 0 rows affected (0.00 sec)

mysql> exit
Bye
(base) youjiadeMacBook-Air:~ youjia$ mysql -u root -pzhang1989 mydb < prictice.sql
-bash: prictice.sql: No such file or directory
(base) youjiadeMacBook-Air:~ youjia$ mysql -u root -p mydb < practice.sql
Enter password: 
(base) youjiadeMacBook-Air:~ youjia$ mysql -u root -p
Enter password: 
Welcome to the MySQL monitor.  Commands end with ; or \g.
Your MySQL connection id is 25
Server version: 8.0.18 MySQL Community Server - GPL

Copyright (c) 2000, 2019, Oracle and/or its affiliates. All rights reserved.

Oracle is a registered trademark of Oracle Corporation and/or its
affiliates. Other names may be trademarks of their respective
owners.

Type 'help;' or '\h' for help. Type '\c' to clear the current input statement.

mysql> show databases;
+--------------------+
| Database           |
+--------------------+
| information_schema |
| mydb               |
| mysql              |
| performance_schema |
| sys                |
+--------------------+
5 rows in set (0.01 sec)

mysql> use mydb
Reading table information for completion of table and column names
You can turn off this feature to get a quicker startup with -A

Database changed
mysql> set names utf8;
Query OK, 0 rows affected, 1 warning (0.00 sec)

mysql> source /Users/youjia/practice.sql;
Query OK, 0 rows affected (0.00 sec)

Query OK, 0 rows affected (0.00 sec)

Query OK, 0 rows affected (0.00 sec)

Query OK, 0 rows affected, 1 warning (0.00 sec)

Query OK, 0 rows affected (0.00 sec)

Query OK, 0 rows affected (0.00 sec)

Query OK, 0 rows affected (0.00 sec)

Query OK, 0 rows affected (0.01 sec)

Query OK, 0 rows affected (0.00 sec)

Query OK, 0 rows affected (0.00 sec)

Query OK, 0 rows affected (0.02 sec)

Query OK, 0 rows affected (0.00 sec)

Query OK, 0 rows affected, 1 warning (0.00 sec)

Query OK, 0 rows affected, 1 warning (0.02 sec)

Query OK, 0 rows affected, 1 warning (0.00 sec)

Query OK, 0 rows affected (0.01 sec)

Query OK, 0 rows affected (0.00 sec)

Query OK, 8 rows affected (0.00 sec)
Records: 8  Duplicates: 0  Warnings: 0

Query OK, 0 rows affected (0.00 sec)

Query OK, 0 rows affected (0.00 sec)

Query OK, 0 rows affected (0.02 sec)

Query OK, 0 rows affected (0.00 sec)

Query OK, 0 rows affected, 1 warning (0.00 sec)

Query OK, 0 rows affected, 2 warnings (0.03 sec)

Query OK, 0 rows affected, 1 warning (0.00 sec)

Query OK, 0 rows affected (0.00 sec)

Query OK, 0 rows affected (0.00 sec)

Query OK, 3 rows affected (0.01 sec)
Records: 3  Duplicates: 0  Warnings: 0

Query OK, 0 rows affected (0.00 sec)

Query OK, 0 rows affected (0.00 sec)

Query OK, 0 rows affected (0.02 sec)

Query OK, 0 rows affected (0.00 sec)

Query OK, 0 rows affected, 1 warning (0.00 sec)

Query OK, 0 rows affected, 5 warnings (0.02 sec)

Query OK, 0 rows affected, 1 warning (0.00 sec)

Query OK, 0 rows affected (0.01 sec)

Query OK, 0 rows affected (0.00 sec)

Query OK, 4 rows affected (0.00 sec)
Records: 4  Duplicates: 0  Warnings: 0

Query OK, 0 rows affected (0.01 sec)

Query OK, 0 rows affected (0.00 sec)

Query OK, 0 rows affected (0.01 sec)

Query OK, 0 rows affected (0.00 sec)

Query OK, 0 rows affected, 1 warning (0.00 sec)

Query OK, 0 rows affected, 2 warnings (0.03 sec)

Query OK, 0 rows affected, 1 warning (0.00 sec)

Query OK, 0 rows affected (0.00 sec)

Query OK, 0 rows affected (0.00 sec)

Query OK, 3 rows affected (0.00 sec)
Records: 3  Duplicates: 0  Warnings: 0

Query OK, 0 rows affected (0.01 sec)

Query OK, 0 rows affected (0.00 sec)

Query OK, 0 rows affected (0.02 sec)

Query OK, 0 rows affected (0.00 sec)

Query OK, 0 rows affected, 1 warning (0.00 sec)

Query OK, 0 rows affected, 2 warnings (0.02 sec)

Query OK, 0 rows affected, 1 warning (0.00 sec)

Query OK, 0 rows affected (0.00 sec)

Query OK, 0 rows affected (0.00 sec)

Query OK, 200 rows affected (0.01 sec)
Records: 200  Duplicates: 0  Warnings: 0

Query OK, 0 rows affected (0.00 sec)

Query OK, 0 rows affected (0.00 sec)

Query OK, 0 rows affected (0.00 sec)

Query OK, 0 rows affected (0.00 sec)

Query OK, 0 rows affected (0.00 sec)

Query OK, 0 rows affected (0.00 sec)

Query OK, 0 rows affected, 1 warning (0.00 sec)

Query OK, 0 rows affected, 1 warning (0.00 sec)

Query OK, 0 rows affected, 1 warning (0.01 sec)

Query OK, 0 rows affected (0.00 sec)

mysql> show tables;
+----------------+
| Tables_in_mydb |
+----------------+
| disney         |
| jugyou21       |
| jugyou22       |
| jugyou23       |
| pi200          |
+----------------+
5 rows in set (0.00 sec)

mysql> SELECT * FROM jugyou21
    -> SELECT
    -> SELECT;
ERROR 1064 (42000): You have an error in your SQL syntax; check the manual that corresponds to your MySQL server version for the right syntax to use near 'SELECT
SELECT' at line 2
mysql> SELECT * FROM jugyou21;
+------+------------------+------------+--------------------+
| no   | name             | birthday   | address            |
+------+------------------+------------+--------------------+
|    1 | 早稲田 太郎      | 1882-10-21 | 東京都新宿区       |
|    2 | 所沢 花子        | NULL       | 埼玉県所沢市       |
|    3 | 大隈 重信        | NULL       | 佐賀県佐賀市       |
+------+------------------+------------+--------------------+
3 rows in set (0.01 sec)

mysql> SELECT * FROM jugyou22;
+------+------+------+------+
| no   | a    | b    | c    |
+------+------+------+------+
|    1 |    1 |    2 |    2 |
|    2 |    2 |    1 |    2 |
|    3 |    3 |    3 |    0 |
|    4 |    0 |    0 |    1 |
+------+------+------+------+
4 rows in set (0.02 sec)

mysql> SELECT * FROM jugyou23;
+------+------------------------------------------------------------------+
| no   | string                                                           |
+------+------------------------------------------------------------------+
|    1 | アンダースコア _ は任意の1文字を表す                             |
|    2 | パーセント % は0文字以上の任意の文字列を表す                     |
|    3 | It's a small world.                                              |
+------+------------------------------------------------------------------+
3 rows in set (0.01 sec)

mysql> SELECT * FROM pi200;
+------+------------------+---------------------------------+----------------------+--------+--------------+---------------+----------+--------------+--------------------------+--------------------------+---------+-----------------------------------------+------------+--------------+-------+
| no   | name             | furigana                        | name_eng             | gender | tel          | cellphone     | zip      | addr1        | addr2                    | addr3                    | addr4   | addr5                                   | birthday   | birthplace   | blood |
+------+------------------+---------------------------------+----------------------+--------+--------------+---------------+----------+--------------+--------------------------+--------------------------+---------+-----------------------------------------+------------+--------------+-------+
|    1 | 小室 凜          | コムロ リン                     | Komuro Rin           | 女     | 088-800-4348 | 080-5277-1900 | 781-6451 | 高知県       | 安芸郡北川村             | 小島                     | 2-15    | NULL                                    | 1967-08-14 | 山形県       | B     |
|    2 | 奥 琴子          | オク コトコ                     | Oku Kotoko           | 女     | 076-343-8833 | 080-1346-1987 | 922-0027 | 石川県       | 加賀市                   | 大聖寺耳聞山町           | 4-7     | NULL                                    | 1956-03-05 | 徳島県       | A     |
|    3 | 松野 幸恵        | マツノ ユキエ                   | Matsuno Yukie        | 女     | 046-727-3397 | 090-9023-7728 | 220-0002 | 神奈川県     | 横浜市西区               | 南軽井沢                 | 1-16-3  | NULL                                    | 1997-04-03 | 埼玉県       | AB    |
|    4 | 神谷 芳美        | カミヤ ヨシミ                   | Kamiya Yoshimi       | 女     | 097-701-0917 | 090-1280-7041 | 870-0813 | 大分県       | 大分市                   | 王子山の手町             | 4-10    | NULL                                    | 1975-10-31 | 奈良県       | O     |
|    5 | 佐久間 礼子      | サクマ レイコ                   | Sakuma Reiko         | 女     | 073-877-6128 | 080-2519-1383 | 646-0044 | 和歌山県     | 田辺市                   | 福路町                   | 1-9-1   | ロイヤル福路町311                       | 1952-10-09 | 秋田県       | B     |
|    6 | 大河原 葉子      | オオガワラ ヨウコ               | Oogawara Youko       | 女     | 055-970-7661 | 080-2959-6901 | 408-0103 | 山梨県       | 北杜市                   | 須玉町江草               | 1-19-5  | ステーション須玉町江草201               | 1963-12-23 | 愛媛県       | A     |
|    7 | 大貫 孝子        | オオヌキ タカコ                 | Oonuki Takako        | 女     | 0282-70-5627 | 080-9395-5005 | 321-4107 | 栃木県       | 芳賀郡益子町             | 七井中央                 | 3-19-16 | NULL                                    | 1979-07-09 | 東京都       | B     |
|    8 | 大高 詩音        | オオダカ シオン                 | Oodaka Shion         | 女     | 084-91-0065  | 080-8528-7194 | 739-0615 | 広島県       | 大竹市                   | 元町                     | 3-1-6   | 元町庵303                               | 1958-05-24 | 新潟県       | O     |
|    9 | 江川 菜央        | エガワ ナオ                     | Egawa Nao            | 女     | 0536-61-7953 | 090-8735-0392 | 454-0824 | 愛知県       | 名古屋市中川区           | 蔦元町                   | 1-10-9  | 蔦元町荘304                             | 1997-10-01 | 愛媛県       | A     |
|   10 | 松岡 紗菜        | マツオカ サナ                   | Matsuoka Sana        | 女     | 045-026-2293 | 080-5248-9718 | 238-0223 | 神奈川県     | 三浦市                   | 原町                     | 2-13    | NULL                                    | 1964-06-17 | 石川県       | A     |
|   11 | 高村 日向子      | タカムラ ヒナコ                 | Takamura Hinako      | 女     | 098-771-2254 | 090-9426-1281 | 903-0822 | 沖縄県       | 那覇市                   | 首里桃原町               | 3-6     | 首里桃原町コンフォート116               | 1971-06-09 | 山形県       | B     |
|   12 | 板垣 穰          | イタガキ ユタカ                 | Itagaki Yutaka       | 男     | 076-685-0559 | 080-3246-7405 | 937-0833 | 富山県       | 魚津市                   | 小菅沼                   | 4-2-18  | 小菅沼マンション301                     | 1976-01-03 | 愛知県       | AB    |
|   13 | 岡本 昭雄        | オカモト アキオ                 | Okamoto Akio         | 男     | 0746-52-3963 | 090-4567-5893 | 636-0902 | 奈良県       | 生駒郡平群町             | 白石畑                   | 2-15    | ステーション白石畑314                   | 1995-12-30 | 栃木県       | A     |
|   14 | 野口 怜奈        | ノグチ レイナ                   | Noguchi Reina        | 女     | 0859-42-2375 | 090-7991-0779 | 680-0822 | 鳥取県       | 鳥取市                   | 今町                     | 1-7     | リバーサイド今町306                     | 1963-09-13 | 福岡県       | A     |
|   15 | 山口 七海        | ヤマグチ ナナミ                 | Yamaguchi Nanami     | 女     | 0287-60-4479 | 090-5895-9702 | 327-0046 | 栃木県       | 佐野市                   | 村上町                   | 3-1     | NULL                                    | 1978-10-29 | 福岡県       | A     |
|   16 | 新川 光代        | シンカワ ミツヨ                 | Shinkawa Mitsuyo     | 男     | 0193-8-6024  | 090-3909-4046 | 027-0424 | 岩手県       | 下閉伊郡岩泉町           | 袰野                     | 1-14-16 | NULL                                    | 1996-12-15 | 長崎県       | AB    |
|   17 | 尾形 正昭        | オガタ マサアキ                 | Ogata Masaaki        | 男     | 023-527-1009 | 080-6982-3256 | 999-8203 | 山形県       | 酒田市                   | 赤剥                     | 2-3     | NULL                                    | 1965-04-22 | 福岡県       | O     |
|   18 | 岩城 雅紹        | イワキ マサツグ                 | Iwaki Masatsugu      | 男     | 087-668-1935 | 080-1661-3396 | 761-4423 | 香川県       | 小豆郡小豆島町           | 堀越                     | 4-20-9  | メゾン堀越218                           | 1974-02-21 | 兵庫県       | B     |
|   19 | 坂 優羽          | バン ユウ                       | Ban Yuu              | 女     | 0740-73-1364 | 080-5163-6948 | 520-0042 | 滋賀県       | 大津市                   | 島の関                   | 2-18-10 | NULL                                    | 1957-04-19 | 埼玉県       | A     |
|   20 | 鹿島 澄江        | カシマ スミエ                   | Kashima Sumie        | 女     | 0986-94-6100 | 090-1255-5296 | 891-2314 | 鹿児島県     | 鹿屋市                   | 船間町                   | 3-15    | 船間町メゾン400                         | 1989-06-27 | 大分県       | O     |
|   21 | 稲垣 雅人        | イナガキ マサト                 | Inagaki Masato       | 男     | 0279-96-9204 | 090-5057-2157 | 370-2611 | 群馬県       | 甘楽郡下仁田町           | 青倉                     | 2-9-18  | ザ青倉114                               | 1984-10-21 | 三重県       | B     |
|   22 | 渡邊 真由        | ワタナベ マユ                   | Watanabe Mayu        | 女     | 076-747-3424 | 080-7396-1582 | 939-1735 | 富山県       | 南砺市                   | 神宮寺                   | 2-17-6  | リバーサイド神宮寺217                   | 1980-12-09 | 新潟県       | O     |
|   23 | 塩沢 利子        | シオザワ トシコ                 | Shiozawa Toshiko     | 女     | 0779-14-4024 | 080-8481-7343 | 910-0813 | 福井県       | 福井市                   | 中新田町                 | 3-20    | 中新田町マンション115                   | 1981-10-08 | 神奈川県     | O     |
|   24 | 下村 信一        | シモムラ シンイチ               | Shimomura Shinichi   | 男     | 0163-6-1364  | 080-3111-2695 | 061-3243 | 北海道       | 石狩市                   | 新港東                   | 4-16-4  | 新港東庵314                             | 1981-09-17 | 宮城県       | B     |
|   25 | 大倉 鈴          | オオクラ リン                   | Ookura Rin           | 女     | 0854-92-7832 | 080-5832-2194 | 697-0001 | 島根県       | 浜田市                   | 外ノ浦町                 | 2-17-13 | NULL                                    | 1951-06-26 | 和歌山県     | A     |
|   26 | 桑原 治夫        | クハバラ ハルオ                 | Kuhabara Haruo       | 男     | 0853-02-4216 | NULL          | 696-0406 | 島根県       | 邑智郡邑南町             | 高見                     | 2-3-17  | 高見レジデンス109                       | 1953-02-08 | 鹿児島県     | A     |
|   27 | 高野 夏唯人      | タカノ カイト                   | Takano Kaito         | 男     | 017-494-4484 | 090-1300-4260 | 039-4116 | 青森県       | 上北郡横浜町             | 中畑                     | 1-20-16 | NULL                                    | 1962-02-17 | 山形県       | A     |
|   28 | 白井 夏鈴        | シライ カリン                   | Shirai Karin         | 女     | 0969-62-2872 | 080-5263-5180 | 861-3545 | 熊本県       | 上益城郡山都町           | 長田                     | 1-12-3  | NULL                                    | 1978-11-17 | 青森県       | A     |
|   29 | 河田 知世        | カワダ トモヨ                   | Kawada Tomoyo        | 女     | 0296-23-2522 | 090-8465-8611 | 311-3506 | 茨城県       | 行方市                   | 八木蒔                   | 3-10-8  | 八木蒔スイート319                       | 1997-03-11 | 大阪府       | A     |
|   30 | 鳥居 賢明        | トリイ タテアキ                 | Torii Tateaki        | 男     | 0595-69-0547 | 080-7516-5615 | 512-1102 | 三重県       | 四日市市                 | 小山町                   | 2-9-4   | NULL                                    | 1988-09-30 | 福井県       | O     |
|   31 | 本郷 仁継        | ホンゴウ マサツグ               | Hongou Masatsugu     | 男     | 023-518-4451 | 090-5217-5511 | 999-6103 | 山形県       | 最上郡最上町             | 黒澤                     | 4-2-14  | NULL                                    | 1966-04-24 | 長野県       | B     |
|   32 | 皆川 惟史        | ミナガワ タダシ                 | Minagawa Tadashi     | 男     | 078-433-3183 | 080-3032-8753 | 652-0833 | 兵庫県       | 神戸市兵庫区             | 島上町                   | 3-6-20  | NULL                                    | 1959-11-05 | 大阪府       | A     |
|   33 | 南 雪絵          | ミナミ ユキエ                   | Minami Yukie         | 女     | 083-690-4952 | 080-7945-9903 | 742-0009 | 山口県       | 柳井市                   | 新市                     | 2-6-5   | NULL                                    | 1973-09-25 | 大分県       | A     |
|   34 | 多田 達志        | オオタ タツシ                   | Oota Tatsushi        | 男     | 022-144-3201 | 090-7772-6428 | 987-0402 | 宮城県       | 登米市                   | 南方町待井               | 4-15    | NULL                                    | 1960-04-16 | 熊本県       | A     |
|   35 | 柏木 彦太郎      | カシワギ ヒコタロウ             | Kashiwagi Hikotarou  | 男     | 011-415-9705 | 090-1212-5414 | 049-1104 | 北海道       | 上磯郡知内町             | 涌元                     | 1-12    | 涌元荘201                               | 1981-03-15 | 沖縄県       | B     |
|   36 | 西谷 喜代治      | ニシタニ キヨジ                 | Nishitani Kiyoji     | 男     | 0747-68-8748 | 090-7415-0089 | 636-0916 | 奈良県       | 生駒郡平群町             | 若井                     | 1-17    | NULL                                    | 1956-11-08 | 神奈川県     | O     |
|   37 | 足立 比呂志      | アダチ ヒロシ                   | Adachi Hiroshi       | 男     | 077-358-9235 | 080-8964-9161 | 602-8038 | 京都府       | 京都市上京区             | 東魚屋町                 | 1-13-8  | NULL                                    | 1987-05-09 | 京都府       | A     |
|   38 | 金子 春子        | カネコ ハルコ                   | Kaneko Haruko        | 女     | 017-251-9690 | 080-8660-9484 | 036-0163 | 青森県       | 平川市                   | 苗生松一本柳             | 1-18-10 | NULL                                    | 1986-01-29 | 秋田県       | A     |
|   39 | 鹿野 健三郎      | カノ ケンザブロウ               | Kano Kenzaburou      | 男     | 017-891-8938 | 090-4013-1664 | 037-0023 | 青森県       | 五所川原市               | 広田                     | 4-10-11 | NULL                                    | 1962-12-21 | 群馬県       | A     |
|   40 | 山村 留吉        | ヤマムラ トメキチ               | Yamamura Tomekichi   | 男     | 059-641-2140 | 090-3929-8297 | 519-1413 | 三重県       | 伊賀市                   | 愛田                     | 2-7-19  | 愛田ゴールデン413                       | 1961-09-30 | 香川県       | O     |
|   41 | 持田 心春        | モチダ コハル                   | Mochida Koharu       | 女     | 0779-35-6722 | 080-1518-3873 | 914-0843 | 福井県       | 敦賀市                   | 浦底                     | 3-10    | NULL                                    | 1979-07-14 | 栃木県       | O     |
|   42 | 岡崎 広司        | オカザキ ヒロシ                 | Okazaki Hiroshi      | 男     | 077-164-1704 | 090-6300-5137 | 614-8046 | 京都府       | 八幡市                   | 八幡砂田                 | 2-16-19 | NULL                                    | 1981-02-25 | 福岡県       | O     |
|   43 | 柴崎 利忠        | シバザキ トシタダ               | Shibazaki Toshitada  | 男     | 096-556-2122 | 080-3862-1069 | 861-1308 | 熊本県       | 菊池市                   | 亘                       | 3-17-15 | プレイス亘105                           | 1961-12-23 | 岩手県       | B     |
|   44 | 齋藤 栞奈        | サイトウ カンナ                 | Saitou Kamna         | 女     | 0834-46-0979 | 090-7059-8606 | 751-0811 | 山口県       | 下関市                   | 藤ケ谷町                 | 2-20-18 | NULL                                    | 1980-10-22 | 宮城県       | A     |
|   45 | 藤巻 富男        | フジマキ トミオ                 | Fujimaki Tomio       | 男     | 095-328-5777 | 090-6536-6669 | 852-8131 | 長崎県       | 長崎市                   | 文教町                   | 3-10-18 | 文教町パレス208                         | 1992-07-11 | 香川県       | B     |
|   46 | 島田 舞衣        | シマダ マイ                     | Shimada Mai          | 女     | 0551-08-3421 | 090-6026-2717 | 409-2725 | 山梨県       | 南巨摩郡早川町           | 小縄                     | 1-19-19 | 小縄ヴィレッジ311                       | 1990-04-16 | 和歌山県     | O     |
|   47 | 中井 優希        | ナカイ ユウキ                   | Nakai Yuuki          | 女     | 017-971-3658 | 080-2787-8553 | 038-3803 | 青森県       | 南津軽郡藤崎町           | 西豊田                   | 4-6-16  | 西豊田コート404                         | 1954-10-22 | 広島県       | O     |
|   48 | 藤崎 光正        | フジザキ ミツマサ               | Fujizaki Mitsumasa   | 男     | 0956-75-6445 | 080-8310-6834 | 851-0125 | 長崎県       | 長崎市                   | 潮見町                   | 2-9-10  | 潮見町ドリーム310                       | 1960-11-16 | 埼玉県       | AB    |
|   49 | 宮坂 孝三        | ミヤサカ コウゾウ               | Miyasaka Kouzou      | 男     | 0745-5-6438  | NULL          | 639-3802 | 奈良県       | 吉野郡下北山村           | 浦向                     | 3-19-11 | 浦向シティ313                           | 1951-06-16 | 青森県       | A     |
|   50 | 福沢 豊子        | フクザワ トヨコ                 | Fukuzawa Toyoko      | 女     | 088-289-8039 | 090-7345-7988 | 779-3407 | 徳島県       | 吉野川市                 | 山川町赤岩               | 3-11-7  | 山川町赤岩ロイヤルパレス111             | 1973-07-13 | 兵庫県       | AB    |
|   51 | 磯崎 栄一郎      | イソザキ エイイチロウ           | Isozaki Eiichirou    | 男     | 0581-48-2055 | 090-3933-5453 | 501-6122 | 岐阜県       | 岐阜市                   | 柳津町高桑東             | 2-15-18 | NULL                                    | 1987-10-27 | 青森県       | B     |
|   52 | 中 厚吉          | ナカ コウキチ                   | Naka Koukichi        | 男     | 0564-7-8921  | 090-3965-6007 | 444-0234 | 愛知県       | 岡崎市                   | 安藤町                   | 1-19-5  | NULL                                    | 1964-01-11 | 奈良県       | O     |
|   53 | 内田 菜穂        | ウチダ ナホ                     | Uchida Naho          | 女     | 03-9930-1738 | 080-3374-5387 | 130-0021 | 東京都       | 墨田区                   | 緑                       | 2-18-10 | 緑荘307                                 | 1955-01-29 | 神奈川県     | AB    |
|   54 | 安部 彩菜        | アベ アヤナ                     | Abe Ayana            | 女     | 019-361-0227 | 080-2231-7056 | 029-4208 | 岩手県       | 奥州市                   | 前沢新町                 | 1-11    | NULL                                    | 1983-07-17 | 奈良県       | B     |
|   55 | 小沼 秀明        | オヌマ ヒデアキ                 | Onuma Hideaki        | 男     | 0761-41-8256 | NULL          | 920-2375 | 石川県       | 白山市                   | 上野町                   | 3-9     | NULL                                    | 1952-01-06 | 滋賀県       | O     |
|   56 | 大和 毅雄        | ダイワ タケオ                   | Daiwa Takeo          | 男     | 0197-86-5059 | 080-5335-7921 | 025-0025 | 岩手県       | 花巻市                   | 下根子                   | 4-18-17 | 下根子ハイツ301                         | 1989-04-30 | 兵庫県       | B     |
|   57 | 榊原 宏寿        | サカキバラ ヒロトシ             | Sakakibara Hirotoshi | 男     | 076-412-0464 | 090-5953-0640 | 921-8023 | 石川県       | 金沢市                   | 千日町                   | 1-4     | NULL                                    | 1995-12-10 | 大阪府       | O     |
|   58 | 浜口 理          | ハマグチ サトル                 | Hamaguchi Satoru     | 男     | 017-622-2749 | 090-2046-2585 | 036-8181 | 青森県       | 弘前市                   | 山道町                   | 3-8-2   | 山道町マンション103                     | 1986-09-14 | 福井県       | B     |
|   59 | 宮本 亜子        | ミヤモト アコ                   | Miyamoto Ako         | 女     | 096-544-8354 | 090-6474-7817 | 865-0041 | 熊本県       | 玉名市                   | 伊倉北方                 | 3-4-8   | 伊倉北方ハイツ208                       | 1997-03-11 | 埼玉県       | AB    |
|   60 | 井口 雅夫        | イグチ マサオ                   | Iguchi Masao         | 男     | 0243-12-8137 | 090-2104-5321 | 963-6113 | 福島県       | 東白川郡棚倉町           | 板橋                     | 1-2-3   | 板橋アパート203                         | 1975-04-15 | 長野県       | A     |
|   61 | 米沢 七海        | ヨネザワ ナナミ                 | Yonezawa Nanami      | 女     | 04-4088-4568 | 080-5520-1465 | 289-2156 | 千葉県       | 匝瑳市                   | 長岡                     | 2-12-9  | パーク長岡210                           | 1969-11-30 | 沖縄県       | B     |
|   62 | 福本 友一        | フクモト トモカズ               | Fukumoto Tomokazu    | 男     | 028-471-7418 | 080-5662-6091 | 320-0052 | 栃木県       | 宇都宮市                 | 中戸祭町                 | 1-8-1   | NULL                                    | 1987-08-30 | 島根県       | A     |
|   63 | 畑中 真優        | ハタナカ マユ                   | Hatanaka Mayu        | 女     | 018-156-1308 | 080-4110-0655 | 018-2635 | 秋田県       | 山本郡八峰町             | 八森下嘉治助台           | 1-1-19  | シティ八森下嘉治助台219                 | 1994-06-23 | 茨城県       | A     |
|   64 | 渡辺 貞雄        | ワタナベ サダオ                 | Watanabe Sadao       | 男     | 0740-3-9781  | 080-6768-7404 | 520-3431 | 滋賀県       | 甲賀市                   | 甲賀町大原中             | 1-16-4  | 甲賀町大原中の杜403                     | 1994-02-01 | 山形県       | O     |
|   65 | 土谷 孝          | ツチヤ タカシ                   | Tsuchiya Takashi     | 男     | 089-912-3777 | 080-9956-8354 | 792-0024 | 愛媛県       | 新居浜市                 | 宮西町                   | 1-17-11 | 宮西町庵412                             | 1960-01-02 | 京都府       | A     |
|   66 | 滝川 美玖        | タキガワ ミク                   | Takigawa Miku        | 女     | 086-702-7690 | 080-9865-8341 | 709-2117 | 岡山県       | 岡山市北区               | 御津野々口               | 1-18-11 | NULL                                    | 1968-04-03 | 山梨県       | B     |
|   67 | 有田 晴          | アリタ ハル                     | Arita Haru           | 女     | 0848-92-3959 | 090-1687-2636 | 722-1564 | 広島県       | 尾道市                   | 御調町今田               | 3-2-17  | ガーデン御調町今田116                   | 1992-11-08 | 青森県       | A     |
|   68 | 北山 日奈        | キタヤマ ヒナ                   | Kitayama Hina        | 女     | 0467-92-1034 | 080-2893-6948 | 230-0033 | 神奈川県     | 横浜市鶴見区             | 朝日町                   | 4-14-18 | NULL                                    | 1997-05-11 | 熊本県       | B     |
|   69 | 金子 栄美        | カネコ エミ                     | Kaneko Emi           | 女     | 0973-92-4225 | 080-5914-8110 | 871-0026 | 大分県       | 中津市                   | 高瀬                     | 3-18-9  | NULL                                    | 1989-01-06 | 栃木県       | AB    |
|   70 | 大川 萌花        | オオカワ モエカ                 | Ookawa Moeka         | 女     | 079-3-9277   | 080-4007-4484 | 662-0091 | 兵庫県       | 西宮市                   | 北山町                   | 4-17-1  | ザ北山町309                             | 1985-12-08 | 鹿児島県     | A     |
|   71 | 西 徹            | ニシ トオル                     | Nishi Tooru          | 男     | 083-153-0322 | 090-5027-6875 | 752-0979 | 山口県       | 下関市                   | 長府川端                 | 1-2-13  | NULL                                    | 1959-09-03 | 京都府       | A     |
|   72 | 武内 貴美        | タケウチ キミ                   | Takeuchi Kimi        | 女     | 0749-48-2776 | 080-4636-8939 | 520-0033 | 滋賀県       | 大津市                   | 大門通                   | 1-13-20 | NULL                                    | 1964-09-15 | 秋田県       | B     |
|   73 | 小畑 喜久治      | オバタ キクジ                   | Obata Kikuji         | 男     | 088-783-6904 | 090-2736-5539 | 786-0531 | 高知県       | 高岡郡四万十町           | 小野                     | 4-7-1   | NULL                                    | 1988-06-01 | 岡山県       | O     |
|   74 | 高畑 香苗        | タカハタ カナエ                 | Takahata Kanae       | 女     | 0558-96-2195 | 080-6590-9435 | 420-0858 | 静岡県       | 静岡市葵区               | 伝馬町                   | 4-18-15 | NULL                                    | 1981-05-13 | 東京都       | B     |
|   75 | 桑原 幸征        | クハバラ コウセイ               | Kuhabara Kousei      | 男     | 04-2601-3037 | 080-7085-2243 | 299-4505 | 千葉県       | いすみ市                 | 岬町岩熊                 | 4-4     | NULL                                    | 1997-04-28 | 島根県       | B     |
|   76 | 二宮 春吉        | ニノミヤ ハルキチ               | Ninomiya Harukichi   | 男     | 093-287-8168 | 090-7913-6585 | 834-0052 | 福岡県       | 八女市                   | 新庄                     | 2-5-1   | 新庄庵110                               | 1955-03-05 | 滋賀県       | O     |
|   77 | 楠 章夫          | クスノキ アキオ                 | Kusunoki Akio        | 男     | 059-271-0259 | 090-6447-6156 | 518-0631 | 三重県       | 名張市                   | 桔梗が丘南１番町         | 4-8     | NULL                                    | 1983-08-03 | 三重県       | B     |
|   78 | 沼田 常夫        | ヌマタ ツネオ                   | Numata Tsuneo        | 男     | 084-077-1734 | 080-3814-4540 | 731-0521 | 広島県       | 安芸高田市               | 吉田町常友               | 1-8     | NULL                                    | 1981-11-28 | 滋賀県       | A     |
|   79 | 稲田 小晴        | イナダ コハル                   | Inada Koharu         | 女     | 076-294-3645 | 080-6179-4141 | 930-0404 | 富山県       | 中新川郡上市町           | 三杉町                   | 3-13-10 | 三杉町シーサイド206                     | 1962-04-13 | 福島県       | O     |
|   80 | 冨永 義雄        | トミナガ ヨシオ                 | Tominaga Yoshio      | 男     | 095-234-8992 | 090-3363-4434 | 851-2101 | 長崎県       | 西彼杵郡時津町           | 西時津郷                 | 2-20-19 | ロイヤル西時津郷302                     | 1970-07-07 | 福島県       | O     |
|   81 | 真鍋 愛奈        | マナベ アイナ                   | Manabe Aina          | 女     | 023-000-5316 | 080-7825-8758 | 998-0875 | 山形県       | 酒田市                   | 東町                     | 3-16-20 | 東町ドリーム303                         | 1955-06-28 | 秋田県       | A     |
|   82 | 井口 香織        | イグチ カオリ                   | Iguchi Kaori         | 女     | 086-657-8022 | NULL          | 709-4315 | 岡山県       | 勝田郡勝央町             | 畑屋                     | 2-15-2  | NULL                                    | 1953-03-31 | 石川県       | A     |
|   83 | 垣内 正浩        | カキウチ マサヒロ               | Kakiuchi Masahiro    | 男     | 084-253-6361 | 080-8953-4157 | 729-3414 | 広島県       | 府中市                   | 上下町佐倉               | 2-11-5  | NULL                                    | 1957-04-09 | 埼玉県       | O     |
|   84 | 依田 一華        | イダ イチカ                     | Ida Ichika           | 女     | 08387-8-3495 | 080-2775-4203 | 745-0856 | 山口県       | 周南市                   | 浦山                     | 1-5-14  | 浦山コーポ204                           | 1956-05-14 | 長崎県       | O     |
|   85 | 岡島 結月        | オカジマ ユヅキ                 | Okajima Yuzuki       | 女     | 0735-31-5215 | 080-7292-9870 | 640-0412 | 和歌山県     | 紀の川市                 | 貴志川町上野山           | 2-4     | 貴志川町上野山マンション419             | 1980-10-17 | 兵庫県       | O     |
|   86 | 有田 勝巳        | アリタ カツミ                   | Arita Katsumi        | 男     | 027-056-6159 | 090-2716-0017 | 370-3571 | 群馬県       | 前橋市                   | 池端町                   | 2-16-9  | NULL                                    | 1958-02-21 | 東京都       | O     |
|   87 | 小沢 衣緒莉      | オザワ イオリ                   | Ozawa Iori           | 女     | 0855-14-7574 | 080-7069-7073 | 698-0206 | 島根県       | 益田市                   | 美都町久原               | 2-1-5   | NULL                                    | 1992-10-01 | 大阪府       | A     |
|   88 | 大和 奈月        | ダイワ ナツキ                   | Daiwa Natsuki        | 女     | 054-084-3849 | 090-3577-6276 | 427-0028 | 静岡県       | 島田市                   | 栄町                     | 3-4-6   | NULL                                    | 1985-08-10 | 千葉県       | O     |
|   89 | 秋山 真一        | アキヤマ シンイチ               | Akiyama Shinichi     | 男     | 086-162-9329 | NULL          | 709-0851 | 岡山県       | 岡山市東区               | 瀬戸町大内               | 4-4     | NULL                                    | 1956-11-02 | 京都府       | AB    |
|   90 | 渡部 忠司        | ワタナベ タダシ                 | Watanabe Tadashi     | 男     | 019-290-1757 | 090-3746-7324 | 025-0137 | 岩手県       | 花巻市                   | 尻平川                   | 3-9-5   | NULL                                    | 1960-12-20 | 佐賀県       | A     |
|   91 | 長沼 葵          | ナガヌマ アオイ                 | Naganuma Aoi         | 女     | 0974-81-9151 | 080-3243-4295 | 879-5431 | 大分県       | 由布市                   | 庄内町長野               | 2-8-18  | 庄内町長野庵311                         | 1977-04-28 | 岩手県       | B     |
|   92 | 玉井 希望        | タマイ ノゾミ                   | Tamai Nozomi         | 女     | 098-493-4855 | 080-1570-6229 | 904-0031 | 沖縄県       | 沖縄市                   | 上地                     | 1-14-2  | NULL                                    | 1981-12-13 | 埼玉県       | O     |
|   93 | 難波 瑞貴        | ナンバ ミズキ                   | Namba Mizuki         | 女     | 023-359-7639 | 080-4199-1391 | 999-7545 | 山形県       | 鶴岡市                   | 矢引                     | 2-7-10  | ザ矢引108                               | 1989-09-12 | 長崎県       | O     |
|   94 | 片山 哲朗        | カタヤマ テツロウ               | Katayama Tetsurou    | 男     | 096-368-5959 | 080-8468-7821 | 861-4163 | 熊本県       | 熊本市南区               | 富合町志々水             | 2-10-19 | NULL                                    | 1986-05-23 | 大分県       | AB    |
|   95 | 北沢 栄作        | キタザワ エイサク               | Kitazawa Eisaku      | 男     | 055-222-4160 | 080-9007-9301 | 409-2402 | 山梨県       | 南巨摩郡身延町           | 下八木沢                 | 4-12-18 | NULL                                    | 1979-05-28 | 山口県       | A     |
|   96 | 飯野 絵理        | イイノ エリ                     | Iino Eri             | 女     | 0240-19-0891 | 080-8838-1959 | 969-3101 | 福島県       | 耶麻郡猪苗代町           | 沼ノ倉                   | 4-12-2  | NULL                                    | 1970-12-27 | 沖縄県       | A     |
|   97 | 高橋 綾治        | タカハシ リョウジ               | Takahashi Ryouji     | 男     | 084-263-0915 | 080-2511-1684 | 739-2628 | 広島県       | 東広島市                 | 黒瀬楢原東               | 2-15    | NULL                                    | 1993-03-18 | 長野県       | A     |
|   98 | 湊 喜三郎        | ミナト キサブロウ               | Minato Kisaburou     | 男     | 0778-31-4375 | 090-6292-8161 | 915-0256 | 福井県       | 越前市                   | 赤坂町                   | 1-13    | 赤坂町ランド311                         | 1968-10-04 | 石川県       | A     |
|   99 | 清水 沙良        | キヨミズ サラ                   | Kiyomizu Sara        | 女     | 053-916-8274 | 080-4691-4220 | 438-0086 | 静岡県       | 磐田市                   | 清水町                   | 2-14-5  | NULL                                    | 1955-05-28 | 兵庫県       | O     |
|  100 | 堀口 夏子        | ホリグチ ナツコ                 | Horiguchi Natsuko    | 女     | 04-7872-4760 | 080-2132-3202 | 333-0817 | 埼玉県       | 川口市                   | 戸塚南                   | 2-12-19 | NULL                                    | 1964-01-29 | 埼玉県       | B     |
|  101 | 細谷 律樹        | ホソヤ リツキ                   | Hosoya Ritsuki       | 男     | 073-183-8234 | 080-9397-7233 | 649-6104 | 和歌山県     | 紀の川市                 | 桃山町脇谷               | 1-9     | コンフォート桃山町脇谷306               | 1977-11-04 | 兵庫県       | AB    |
|  102 | 植村 泰憲        | ウエムラ ヤスノリ               | Uemura Yasunori      | 男     | 097-952-3523 | NULL          | 876-0806 | 大分県       | 佐伯市                   | 春日町                   | 4-4     | ロイヤル春日町400                       | 1961-05-20 | 栃木県       | B     |
|  103 | 村岡 輝夫        | ムラオカ テルオ                 | Muraoka Teruo        | 男     | 097-833-8947 | 090-5937-2045 | 870-0021 | 大分県       | 大分市                   | 府内町                   | 3-13    | パーク府内町106                         | 1996-11-28 | 静岡県       | B     |
|  104 | 福島 鉄夫        | フクシマ テツオ                 | Fukushima Tetsuo     | 男     | 099-841-9162 | 080-4484-8820 | 899-6404 | 鹿児島県     | 霧島市                   | 溝辺町麓                 | 3-10-1  | NULL                                    | 1982-01-14 | 兵庫県       | O     |
|  105 | 秋本 亜弓        | アキモト アユミ                 | Akimoto Ayumi        | 女     | 0572-29-8857 | 080-8330-0495 | 507-0811 | 岐阜県       | 多治見市                 | 星ケ台                   | 4-16    | NULL                                    | 1988-02-29 | 秋田県       | A     |
|  106 | 大橋 春菜        | オオハシ ハルナ                 | Oohashi Haruna       | 女     | 0829-61-1164 | 090-1346-7425 | 731-0233 | 広島県       | 広島市安佐北区           | 亀山西                   | 2-12-16 | ザ亀山西106                             | 1965-11-05 | 滋賀県       | B     |
|  107 | 小畑 充照        | オバタ ミツテル                 | Obata Mitsuteru      | 男     | 058-579-7004 | 080-8441-8376 | 509-4265 | 岐阜県       | 飛騨市                   | 古川町畦畑               | 1-15    | NULL                                    | 1965-05-24 | 山口県       | A     |
|  108 | 吉野 心          | ヨシノ ココロ                   | Yoshino Kokoro       | 女     | 0745-51-8842 | 090-3885-9821 | 634-0843 | 奈良県       | 橿原市                   | 北妙法寺町               | 3-10    | NULL                                    | 1950-04-24 | 愛媛県       | A     |
|  109 | 中嶋 奈月        | ナカジマ ナツキ                 | Nakajima Natsuki     | 女     | 0857-82-0593 | 090-4638-0130 | 680-0711 | 鳥取県       | 八頭郡若桜町             | 三倉                     | 1-9-4   | NULL                                    | 1987-02-18 | 富山県       | O     |
|  110 | 北島 千裕        | キタジマ チヒロ                 | Kitajima Chihiro     | 女     | 086-694-5348 | 090-9845-9995 | 708-1542 | 岡山県       | 久米郡美咲町             | 羽仁                     | 3-7-17  | NULL                                    | 1971-04-13 | 長野県       | A     |
|  111 | 梶 幸吉          | カジ コウキチ                   | Kaji Koukichi        | 男     | 083-619-7334 | 090-2421-8144 | 742-2921 | 山口県       | 大島郡周防大島町         | 西方                     | 3-16    | 西方シティ104                           | 1999-01-03 | 滋賀県       | A     |
|  112 | 中原 寅吉        | ナカハラ トラキチ               | Nakahara Torakichi   | 男     | 029-684-3419 | 080-5678-6208 | 313-0351 | 茨城県       | 常陸太田市               | 天下野町                 | 1-3-6   | グリーン天下野町311                     | 1959-09-04 | 岩手県       | O     |
|  113 | 下山 由梨        | シモヤマ ユリ                   | Shimoyama Yuri       | 女     | 0187-5-1914  | 080-4937-7638 | 018-3501 | 秋田県       | 大館市                   | 岩瀬                     | 2-7-17  | NULL                                    | 1990-04-17 | 富山県       | A     |
|  114 | 熊谷 信二        | クマガヤ シンジ                 | Kumagaya Shinji      | 男     | 015-278-1722 | 080-7709-1248 | 003-0825 | 北海道       | 札幌市白石区             | 菊水元町五条             | 3-11    | NULL                                    | 1998-07-18 | 広島県       | AB    |
|  115 | 上野 美春        | アガノ ミハル                   | Agano Miharu         | 女     | 0243-64-0688 | 080-4457-0405 | 961-0034 | 福島県       | 白河市                   | 屋敷添                   | 4-13-12 | レジデンス屋敷添406                     | 1981-03-12 | 山梨県       | AB    |
|  116 | 横井 杏          | ヨコイ アン                     | Yokoi An             | 女     | 052-941-3365 | 080-6180-1499 | 447-0042 | 愛知県       | 碧南市                   | 中後町                   | 3-15-9  | NULL                                    | 1958-12-09 | 滋賀県       | B     |
|  117 | 尾上 友菜        | オガミ ユウナ                   | Ogami Yuuna          | 女     | 096-131-3253 | 090-1396-7026 | 869-1502 | 熊本県       | 阿蘇郡南阿蘇村           | 白川                     | 2-2-14  | NULL                                    | 1986-07-25 | 群馬県       | A     |
|  118 | 垣内 治志        | カキウチ ハルシ                 | Kakiuchi Harushi     | 男     | 087-838-3271 | 080-2226-9443 | 769-2520 | 香川県       | 東かがわ市               | 馬篠                     | 1-3-6   | NULL                                    | 1997-08-26 | 愛知県       | O     |
|  119 | 平松 洋文        | ヒラマツ ヒロフミ               | Hiramatsu Hirofumi   | 男     | 019-873-6975 | 080-1828-8081 | 025-0067 | 岩手県       | 花巻市                   | 浅沢                     | 3-11-7  | NULL                                    | 1964-08-03 | 和歌山県     | O     |
|  120 | 杉山 理紗        | スギヤマ リサ                   | Sugiyama Risa        | 女     | 022-971-4735 | 080-1887-0043 | 983-0046 | 宮城県       | 仙台市宮城野区           | 西宮城野                 | 1-11    | 西宮城野マンション104                   | 1959-01-14 | 京都府       | A     |
|  121 | 川端 有里        | カワバタ ユリ                   | Kawabata Yuri        | 女     | 052-672-0789 | 090-4261-8231 | 479-0867 | 愛知県       | 常滑市                   | 北汐見坂                 | 1-5-9   | NULL                                    | 1989-08-24 | 宮崎県       | A     |
|  122 | 村瀬 勇          | ムラセ イサミ                   | Murase Isami         | 男     | 0738-22-0449 | 080-5575-7543 | 643-0813 | 和歌山県     | 有田郡有田川町           | 西丹生図                 | 3-14-3  | 西丹生図ランド406                       | 1988-04-09 | 大阪府       | O     |
|  123 | 市川 峰雄        | イチカワ ミネオ                 | Ichikawa Mineo       | 男     | 078-630-5966 | 090-2407-5659 | 669-5141 | 兵庫県       | 朝来市                   | 山東町三保               | 2-6-6   | NULL                                    | 1976-01-26 | 福岡県       | A     |
|  124 | 保坂 芳男        | ホサカ ヨシオ                   | Hosaka Yoshio        | 男     | 028-390-4095 | 080-7932-4357 | 326-0834 | 栃木県       | 足利市                   | 新宿町                   | 1-1-9   | 新宿町ステーション307                   | 1960-08-02 | 愛知県       | A     |
|  125 | 泉 菜摘          | イズミ ナツミ                   | Izumi Natsumi        | 女     | 0983-65-6793 | 080-2561-9280 | 882-1201 | 宮崎県       | 西臼杵郡五ヶ瀬町         | 鞍岡                     | 4-3-12  | NULL                                    | 1955-08-04 | 岐阜県       | AB    |
|  126 | 杉浦 怜子        | スギウラ レイコ                 | Sugiura Reiko        | 女     | 0736-94-3204 | 080-3819-5087 | 649-6202 | 和歌山県     | 岩出市                   | 根来                     | 3-2-1   | NULL                                    | 1960-06-09 | 神奈川県     | A     |
|  127 | 浅沼 結香        | アサヌマ ユイカ                 | Asanuma Yuika        | 女     | 0895-81-7797 | 090-6079-9984 | 798-0087 | 愛媛県       | 宇和島市                 | 坂下津                   | 4-13-13 | NULL                                    | 1958-04-11 | 熊本県       | A     |
|  128 | 北岡 優那        | キタオカ ユウナ                 | Kitaoka Yuuna        | 女     | 0895-94-7040 | 090-1431-5934 | 798-0212 | 愛媛県       | 宇和島市                 | 戸島                     | 3-1-18  | 戸島スイート211                         | 1964-09-30 | 茨城県       | O     |
|  129 | 小関 桃          | オゼキ モモ                     | Ozeki Momo           | 女     | 092-574-0921 | 090-1788-9311 | 839-0224 | 福岡県       | みやま市                 | 高田町田尻               | 1-1     | NULL                                    | 1952-11-21 | 鹿児島県     | B     |
|  130 | 水上 雄大        | ミズカミ ユダイ                 | Mizukami Yudai       | 男     | 059-199-2888 | 080-6550-1371 | 513-0825 | 三重県       | 鈴鹿市                   | 住吉町                   | 3-18-6  | NULL                                    | 1980-09-02 | 滋賀県       | O     |
|  131 | 小山 美沙        | オヤマ ミサ                     | Oyama Misa           | 女     | 015-385-2186 | 090-5386-4183 | 001-0931 | 北海道       | 札幌市北区               | 新川西一条               | 3-1     | NULL                                    | 1968-02-04 | 栃木県       | O     |
|  132 | 中塚 辰夫        | ナカツカ タツオ                 | Nakatsuka Tatsuo     | 男     | 079-298-2282 | 090-4446-9556 | 651-1354 | 兵庫県       | 神戸市北区               | 八多町上小名田           | 2-18    | NULL                                    | 1970-01-10 | 大分県       | A     |
|  133 | 岩田 智恵理      | イワタ チエリ                   | Iwata Chieri         | 女     | 089-102-5392 | 090-6966-8354 | 799-2204 | 愛媛県       | 今治市                   | 大西町大井浜             | 2-6     | NULL                                    | 1963-08-22 | 神奈川県     | A     |
|  134 | 宍戸 初音        | シシド ハツネ                   | Shishido Hatsune     | 女     | 04-9500-9556 | 080-2199-0469 | 296-0021 | 千葉県       | 鴨川市                   | 竹平                     | 1-6-2   | NULL                                    | 1979-01-09 | 大阪府       | O     |
|  135 | 宮内 有沙        | ミヤウチ アリサ                 | Miyauchi Arisa       | 女     | 04-3973-4016 | 090-7280-7785 | 270-1141 | 千葉県       | 我孫子市                 | 栄                       | 4-18    | 栄グリーン210                           | 1952-06-30 | 山形県       | B     |
|  136 | 北 楓花          | キタ フウカ                     | Kita Fuuka           | 女     | 0296-8-7105  | 090-6791-6672 | 308-0005 | 茨城県       | 筑西市                   | 中舘                     | 3-7-3   | ヴィレッジ中舘211                       | 1969-01-24 | 三重県       | B     |
|  137 | 片山 麻友        | カタヤマ マユ                   | Katayama Mayu        | 女     | 0735-44-1505 | 080-8926-1542 | 649-3517 | 和歌山県     | 東牟婁郡串本町           | 吐生                     | 1-16-1  | 吐生パーク109                           | 1996-09-17 | 高知県       | A     |
|  138 | 河野 花鈴        | カワノ カリン                   | Kawano Karin         | 女     | 052-010-5915 | 090-9161-5831 | 480-0201 | 愛知県       | 西春日井郡豊山町         | 青山                     | 4-7-10  | NULL                                    | 1982-12-15 | 福井県       | B     |
|  139 | 城戸 由実        | キド ユミ                       | Kido Yumi            | 女     | 073-872-8722 | 080-2165-0805 | 649-4213 | 和歌山県     | 東牟婁郡古座川町         | 西赤木                   | 3-17    | NULL                                    | 1999-01-09 | 三重県       | AB    |
|  140 | 金森 直美        | カナモリ ナオミ                 | Kanamori Naomi       | 女     | 08512-8-4932 | 090-2481-1263 | 699-5511 | 島根県       | 鹿足郡吉賀町             | 立戸                     | 4-13    | NULL                                    | 1993-11-06 | 鳥取県       | B     |
|  141 | 西本 力          | ニシモト チカラ                 | Nishimoto Chikara    | 男     | 0556-23-6772 | 090-1512-7591 | 409-3832 | 山梨県       | 中央市                   | 馬籠                     | 2-6-3   | NULL                                    | 1995-10-09 | 埼玉県       | AB    |
|  142 | 三井 雅江        | ミツイ マサエ                   | Mitsui Masae         | 女     | 0889-2-9376  | 090-5909-6335 | 781-1151 | 高知県       | 土佐市                   | 中島                     | 3-4     | 中島ステーション407                     | 1966-05-20 | 愛知県       | A     |
|  143 | 山形 浩俊        | ヤマガタ ヒロトシ               | Yamagata Hirotoshi   | 男     | 019-532-9067 | 090-5710-7516 | 024-0074 | 岩手県       | 北上市                   | 滑田                     | 3-11-6  | NULL                                    | 1964-05-28 | 埼玉県       | A     |
|  144 | 楠本 樹里        | クスモト ジュリ                 | Kusumoto Juri        | 女     | 0875-6-8484  | 090-8709-3401 | 764-0012 | 香川県       | 仲多度郡多度津町         | 桜川                     | 3-19-18 | NULL                                    | 1976-06-14 | 徳島県       | B     |
|  145 | 高松 康博        | タカマツ ヤスヒロ               | Takamatsu Yasuhiro   | 男     | 0745-85-6039 | 080-9717-2059 | 630-8305 | 奈良県       | 奈良市                   | 東紀寺町                 | 2-1-9   | NULL                                    | 1981-05-28 | 静岡県       | A     |
|  146 | 大沼 綾音        | オオヌマ アヤネ                 | Oonuma Ayane         | 女     | 055-982-0751 | 080-9059-6471 | 405-0005 | 山梨県       | 山梨市                   | 小原東                   | 1-6-14  | NULL                                    | 1972-06-06 | 山口県       | A     |
|  147 | 日下部 俊子      | クサカベ トシコ                 | Kusakabe Toshiko     | 女     | 0749-47-5438 | 090-8572-3189 | 526-0115 | 滋賀県       | 長浜市                   | 大浜町                   | 4-18-5  | NULL                                    | 1968-10-16 | 兵庫県       | O     |
|  148 | 桑原 健次郎      | クハバラ ケンジロウ             | Kuhabara Kenjirou    | 男     | 0894-96-9036 | 090-1747-7118 | 795-0006 | 愛媛県       | 大洲市                   | 野佐来                   | 3-7-12  | NULL                                    | 1965-12-21 | 秋田県       | B     |
|  149 | 今村 俊博        | イマムラ トシヒロ               | Imamura Toshihiro    | 男     | 0885-54-3030 | 090-9382-7788 | 771-1615 | 徳島県       | 阿波市                   | 市場町大影               | 2-1-2   | コンフォート市場町大影308               | 1958-02-27 | 秋田県       | A     |
|  150 | 河田 美央        | カワダ ミオ                     | Kawada Mio           | 女     | 084-521-8888 | 080-5208-7327 | 729-3303 | 広島県       | 世羅郡世羅町             | 東上原                   | 2-16-14 | NULL                                    | 1991-05-09 | 栃木県       | A     |
|  151 | 皆川 玲央        | ミナガワ レオ                   | Minagawa Reo         | 男     | 058-493-8391 | 080-3722-1623 | 500-8414 | 岐阜県       | 岐阜市                   | 加納東広江町             | 4-16-8  | NULL                                    | 1969-04-28 | 岩手県       | A     |
|  152 | 落合 栄伸        | オチアイ ヨシノブ               | Ochiai Yoshinobu     | 男     | 084-497-2478 | 090-4995-4621 | 731-3175 | 広島県       | 広島市安佐南区           | 伴西町                   | 1-19-9  | ザ伴西町309                             | 1993-12-29 | 富山県       | A     |
|  153 | 遠山 泰雄        | トオヤマ ヤスオ                 | Tooyama Yasuo        | 男     | 0955-72-1031 | 090-4657-0459 | 840-0851 | 佐賀県       | 佐賀市                   | 天祐                     | 1-9-11  | リバーサイド天祐308                     | 1964-07-31 | 新潟県       | A     |
|  154 | 平賀 綾香        | ヒラガ アヤカ                   | Hiraga Ayaka         | 女     | 098-234-9814 | 090-3466-5149 | 901-0343 | 沖縄県       | 糸満市                   | 南波平                   | 1-15    | 南波平メゾン116                         | 1951-08-06 | 三重県       | O     |
|  155 | 山本 真司        | ヤマモト シンジ                 | Yamamoto Shinji      | 男     | 029-599-2465 | 090-8550-3236 | 300-4245 | 茨城県       | つくば市                 | 水守                     | 4-14-6  | NULL                                    | 1984-05-14 | 山口県       | O     |
|  156 | 菅沼 佐知子      | スガヌマ サチコ                 | Suganuma Sachiko     | 女     | 086-426-6743 | 080-8096-5496 | 715-0001 | 岡山県       | 井原市                   | 野上町                   | 2-16-18 | NULL                                    | 1957-06-08 | 福島県       | B     |
|  157 | 大前 武英        | オオマエ タケヒデ               | Oomae Takehide       | 男     | 082-743-1203 | 080-4960-0183 | 729-6715 | 広島県       | 世羅郡世羅町             | 下津田                   | 2-13-17 | NULL                                    | 1990-05-11 | 鳥取県       | A     |
|  158 | 南部 芽依        | ナンブ メイ                     | Nambu Mei            | 女     | 022-049-2716 | 080-1094-7982 | 989-5144 | 宮城県       | 栗原市                   | 金成中町                 | 1-4     | NULL                                    | 1966-09-14 | 福岡県       | A     |
|  159 | 田中 俊二        | タナカ シュンジ                 | Tanaka Shunji        | 男     | 0735-02-4816 | 090-7609-5672 | 649-7142 | 和歌山県     | 伊都郡かつらぎ町         | 下天野                   | 4-6-18  | NULL                                    | 1995-10-02 | 香川県       | B     |
|  160 | 大坪 早希        | オオツボ サキ                   | Ootsubo Saki         | 女     | 0479-17-4220 | 080-8736-6587 | 311-1216 | 茨城県       | ひたちなか市             | 湊泉町                   | 4-16-7  | NULL                                    | 1956-04-22 | 広島県       | O     |
|  161 | 堀田 優空        | ホッタ ユラ                     | Hotta Yura           | 女     | 089-60-6034  | 090-9915-4832 | 790-0034 | 愛媛県       | 松山市                   | 藤原町                   | 3-8     | 藤原町マンション102                     | 1974-01-23 | 福島県       | B     |
|  162 | 益子 竜三        | マスコ リュウゾウ               | Masuko Ryuuzou       | 男     | 096-217-1495 | 080-9022-5245 | 866-0044 | 熊本県       | 八代市                   | 中北町                   | 3-3-7   | NULL                                    | 1976-03-13 | 兵庫県       | B     |
|  163 | 西野 和仁        | ニシノ カズヒト                 | Nishino Kazuhito     | 男     | 0854-41-7667 | 080-9426-7142 | 699-3505 | 島根県       | 益田市                   | 土田町                   | 1-17-19 | NULL                                    | 1981-07-11 | 福井県       | B     |
|  164 | 栗本 幸仁        | クリモト ユキヒト               | Kurimoto Yukihito    | 男     | 0267-19-3564 | 090-9466-3189 | 399-2605 | 長野県       | 飯田市                   | 下久堅小林               | 3-4     | リバーサイド下久堅小林208               | 1961-10-30 | 福岡県       | O     |
|  165 | 市村 響子        | イチムラ キョウコ               | Ichimura Kyouko      | 女     | 077-750-5102 | 080-4019-9852 | 624-0952 | 京都府       | 舞鶴市                   | 三日市                   | 3-7     | NULL                                    | 1974-05-26 | 静岡県       | A     |
|  166 | 大下 利佳        | オオシタ リカ                   | Ooshita Rika         | 女     | 0198-4-7970  | 090-6897-4771 | 021-0873 | 岩手県       | 一関市                   | 台町                     | 1-18-7  | 台町コンフォート207                     | 1955-03-24 | 長崎県       | A     |
|  167 | 西村 心          | ニシムラ ココロ                 | Nishimura Kokoro     | 女     | 017-935-7551 | 090-1985-1873 | 036-0171 | 青森県       | 平川市                   | 小国山下                 | 4-10-16 | NULL                                    | 1971-10-03 | 愛媛県       | O     |
|  168 | 南田 美奈        | ミナミダ ミナ                   | Minamida Mina        | 女     | 047-199-7508 | 080-4046-1635 | 273-0011 | 千葉県       | 船橋市                   | 湊町                     | 1-16-7  | 湊町ハウス314                           | 1985-10-31 | 石川県       | O     |
|  169 | 野沢 和枝        | ノザワ カズエ                   | Nozawa Kazue         | 女     | 018-096-8351 | 090-8843-3748 | 010-1601 | 秋田県       | 秋田市                   | 向浜                     | 3-4-20  | NULL                                    | 1977-01-14 | 群馬県       | B     |
|  170 | 神谷 圭子        | カミヤ ケイコ                   | Kamiya Keiko         | 女     | 076-055-6796 | 080-7040-1154 | 931-8315 | 富山県       | 富山市                   | 高園町                   | 3-4-4   | NULL                                    | 1974-01-30 | 香川県       | A     |
|  171 | 太田 仁志        | オオタ ヒトシ                   | Oota Hitoshi         | 男     | 017-115-4517 | 080-6104-7098 | 036-1452 | 青森県       | 弘前市                   | 中畑                     | 2-18-14 | NULL                                    | 1987-09-21 | 熊本県       | O     |
|  172 | 冨田 桜          | トミタ サクラ                   | Tomita Sakura        | 女     | 0846-76-9788 | 090-7214-3966 | 720-0809 | 広島県       | 福山市                   | 住吉町                   | 2-2     | NULL                                    | 1966-08-29 | 愛媛県       | B     |
|  173 | 飯塚 功          | イイヅカ イサオ                 | Iizuka Isao          | 男     | 0952-35-0550 | 080-7387-4697 | 846-0003 | 佐賀県       | 多久市                   | 北多久町多久原           | 2-17-3  | NULL                                    | 1967-09-02 | 千葉県       | A     |
|  174 | 高坂 勇吉        | コウサカ ユウキチ               | Kousaka Yuukichi     | 男     | 089-84-4991  | 080-4515-3585 | 796-0201 | 愛媛県       | 八幡浜市                 | 保内町川之石             | 4-18    | 保内町川之石マンション205               | 1980-02-28 | 鹿児島県     | B     |
|  175 | 首藤 美怜        | シュドウ ミレイ                 | Shudou Mirei         | 女     | 0194-46-2802 | 080-1892-6230 | 028-6411 | 岩手県       | 九戸郡軽米町             | 小軽米                   | 3-10-13 | 小軽米テラス205                         | 1969-05-11 | 宮崎県       | A     |
|  176 | 堤 良彦          | ツツミ ヨシヒコ                 | Tsutsumi Yoshihiko   | 男     | 0952-48-0243 | 090-7281-2565 | 849-5252 | 佐賀県       | 伊万里市                 | 大川町川西               | 1-19-13 | 大川町川西パレス414                     | 1984-12-04 | 山梨県       | O     |
|  177 | 草野 長平        | クサノ チョウヘイ               | Kusano Chouhei       | 男     | 0845-66-7942 | 080-3933-0914 | 722-2101 | 広島県       | 尾道市                   | 因島大浜町               | 4-14    | NULL                                    | 1984-07-24 | 徳島県       | A     |
|  178 | 松永 秀夫        | マツナガ ヒデオ                 | Matsunaga Hideo      | 男     | 0855-06-5634 | NULL          | 697-0212 | 島根県       | 浜田市                   | 金城町長田               | 3-14    | 金城町長田ランド201                     | 1951-03-08 | 福井県       | A     |
|  179 | 赤松 滉河        | アカマツ コウガ                 | Akamatsu Kouga       | 男     | 0587-85-6192 | 090-7807-2898 | 486-0964 | 愛知県       | 春日井市                 | 宗法町                   | 4-5     | フォレスト宗法町412                     | 1996-04-09 | 宮崎県       | A     |
|  180 | 芦田 正明        | アシダ マサアキ                 | Ashida Masaaki       | 男     | 0969-8-7077  | 090-3625-8304 | 861-0425 | 熊本県       | 山鹿市                   | 菊鹿町米原               | 2-7-16  | コンフォート菊鹿町米原114               | 1950-10-14 | 北海道       | A     |
|  181 | 黒崎 徳太郎      | クロザキ トクタロウ             | Kurozaki Tokutarou   | 男     | 04-7236-6270 | 080-7273-6513 | 294-0814 | 千葉県       | 南房総市                 | 川田                     | 2-5-7   | 川田ロイヤルパレス206                   | 1963-06-20 | 富山県       | A     |
|  182 | 平沢 啓子        | ヒラサワ ケイコ                 | Hirasawa Keiko       | 女     | 0763-32-8244 | 090-6191-4612 | 939-0323 | 富山県       | 射水市                   | 平野                     | 3-17-13 | NULL                                    | 1968-10-12 | 大分県       | A     |
|  183 | 上岡 美紀        | カミオカ ミキ                   | Kamioka Miki         | 女     | 0234-70-0454 | 090-2085-8979 | 995-0021 | 山形県       | 村山市                   | 楯岡楯                   | 4-7-8   | NULL                                    | 1978-02-05 | 和歌山県     | A     |
|  184 | 安斎 彩葉        | アンザイ イロハ                 | Anzai Iroha          | 女     | 011-982-5838 | 080-7738-6279 | 069-1302 | 北海道       | 夕張郡長沼町             | ２区                     | 4-20-15 | テラス２区412                           | 1984-11-01 | 愛知県       | O     |
|  185 | 松川 佳那子      | マツカワ カナコ                 | Matsukawa Kanako     | 女     | 076-618-8821 | 080-2209-8335 | 939-1844 | 富山県       | 南砺市                   | 野口                     | 1-12    | NULL                                    | 1964-12-20 | 富山県       | O     |
|  186 | 若山 盛雄        | ワカヤマ モリオ                 | Wakayama Morio       | 男     | 0742-17-9495 | 090-8110-6852 | 634-0125 | 奈良県       | 高市郡明日香村           | 入谷                     | 1-8-17  | NULL                                    | 1971-10-10 | 埼玉県       | O     |
|  187 | 塩崎 琴          | シオザキ コト                   | Shiozaki Koto        | 女     | 0972-85-9244 | 080-9785-6174 | 871-0071 | 大分県       | 中津市                   | 鷹部屋                   | 1-17-18 | 鷹部屋プレイス305                       | 1962-07-08 | 和歌山県     | A     |
|  188 | 窪田 雅康        | クボタ マサヤス                 | Kubota Masayasu      | 男     | 0950-53-3657 | 090-9434-3846 | 854-1102 | 長崎県       | 諫早市                   | 飯盛町山口               | 1-16    | NULL                                    | 1950-05-05 | 埼玉県       | B     |
|  189 | 比嘉 悠月        | ヒガ ユヅキ                     | Higa Yuzuki          | 女     | 093-603-1614 | 080-6314-9706 | 839-1202 | 福岡県       | 久留米市                 | 田主丸町鷹取             | 3-19-4  | 田主丸町鷹取ガーデン319                 | 1996-11-27 | 鳥取県       | AB    |
|  190 | 米山 清隆        | コメヤマ キヨタカ               | Komeyama Kiyotaka    | 男     | 0968-45-4493 | 080-2199-9530 | 861-0401 | 熊本県       | 山鹿市                   | 菊鹿町長                 | 4-5-20  | タウン菊鹿町長211                       | 1989-04-11 | 広島県       | AB    |
|  191 | 赤坂 祐昭        | アカサカ ヒロアキ               | Akasaka Hiroaki      | 男     | 0742-8-3379  | 080-7218-3238 | 637-0025 | 奈良県       | 五條市                   | 車谷町                   | 1-6     | 車谷町シティ318                         | 1981-06-30 | 秋田県       | B     |
|  192 | 西村 弘美        | ニシムラ ヒロミ                 | Nishimura Hiromi     | 女     | 0740-0-1071  | 080-7513-7043 | 527-0133 | 滋賀県       | 東近江市                 | 中一色町                 | 4-19    | 中一色町プラザ303                       | 1983-01-21 | 兵庫県       | AB    |
|  193 | 沖 春奈          | オキ ハルナ                     | Oki Haruna           | 女     | 079-60-5053  | 090-8068-7605 | 658-0023 | 兵庫県       | 神戸市東灘区             | 深江浜町                 | 3-9-3   | NULL                                    | 1997-06-13 | 奈良県       | O     |
|  194 | 迫田 和子        | サコタ カズコ                   | Sakota Kazuko        | 女     | 017-094-9113 | 080-7314-5664 | 038-3671 | 青森県       | 北津軽郡板柳町           | 掛落林                   | 4-3-5   | 掛落林グリーン106                       | 1974-04-29 | 岩手県       | A     |
|  195 | 福沢 幸吉        | フクザワ コウキチ               | Fukuzawa Koukichi    | 男     | 04-9964-2977 | 080-6458-5569 | 273-0112 | 千葉県       | 鎌ケ谷市                 | 東中沢                   | 3-8-5   | NULL                                    | 1954-08-11 | 北海道       | O     |
|  196 | 高尾 将文        | タカオ マサフミ                 | Takao Masafumi       | 男     | 089-11-4995  | 090-4416-4627 | 792-0045 | 愛媛県       | 新居浜市                 | 中萩町                   | 4-19-16 | NULL                                    | 1995-12-23 | 島根県       | O     |
|  197 | 藤井 貞雄        | フジイ サダオ                   | Fujii Sadao          | 男     | 0563-15-9703 | 090-3255-7562 | 483-8344 | 愛知県       | 江南市                   | 後飛保町東高瀬           | 4-1-19  | NULL                                    | 1958-10-06 | 宮崎県       | AB    |
|  198 | 米山 亜子        | コメヤマ アコ                   | Komeyama Ako         | 女     | 027-44-7709  | 090-9486-4583 | 379-1202 | 群馬県       | 利根郡昭和村             | 貝野瀬                   | 4-19    | 貝野瀬アパート113                       | 1974-03-10 | 兵庫県       | O     |
|  199 | 柴山 睦夫        | シバヤマ ムツオ                 | Shibayama Mutsuo     | 男     | 087-971-2345 | 090-8195-4860 | 769-1615 | 香川県       | 観音寺市                 | 大野原町丸井             | 3-14    | NULL                                    | 1998-03-13 | 愛知県       | AB    |
|  200 | 大河原 和裕      | オオガワラ カズヒロ             | Oogawara Kazuhiro    | 男     | 0742-48-4391 | 080-3222-7064 | 630-8432 | 奈良県       | 奈良市                   | 田中町                   | 1-1-12  | プレイス田中町306                       | 1962-03-02 | 徳島県       | A     |
+------+------------------+---------------------------------+----------------------+--------+--------------+---------------+----------+--------------+--------------------------+--------------------------+---------+-----------------------------------------+------------+--------------+-------+
200 rows in set (0.00 sec)

mysql> exit;
Bye
(base) youjiadeMacBook-Air:~ youjia$ mysql -u root -p<init-test-data.sql
Enter password: 
result:
ok
(base) youjiadeMacBook-Air:~ youjia$ mysql -u root -p
Enter password: 
Welcome to the MySQL monitor.  Commands end with ; or \g.
Your MySQL connection id is 27
Server version: 8.0.18 MySQL Community Server - GPL

Copyright (c) 2000, 2019, Oracle and/or its affiliates. All rights reserved.

Oracle is a registered trademark of Oracle Corporation and/or its
affiliates. Other names may be trademarks of their respective
owners.

Type 'help;' or '\h' for help. Type '\c' to clear the current input statement.

mysql> show databases
    -> show databases;
ERROR 1064 (42000): You have an error in your SQL syntax; check the manual that corresponds to your MySQL server version for the right syntax to use near 'show databases' at line 2
mysql> show databases;
+--------------------+
| Database           |
+--------------------+
| information_schema |
| mydb               |
| mysql              |
| performance_schema |
| sys                |
| test               |
+--------------------+
6 rows in set (0.10 sec)

mysql> source /Users/youjia/init-test-data.sql;
Query OK, 1 row affected, 1 warning (0.03 sec)

Reading table information for completion of table and column names
You can turn off this feature to get a quicker startup with -A

Database changed
Query OK, 0 rows affected (0.11 sec)

Query OK, 0 rows affected (0.03 sec)

Query OK, 0 rows affected, 1 warning (0.03 sec)

Query OK, 0 rows affected, 1 warning (0.01 sec)

Query OK, 1 row affected (0.00 sec)

Query OK, 1 row affected (0.00 sec)

Query OK, 1 row affected (0.01 sec)

Query OK, 1 row affected (0.00 sec)

Query OK, 1 row affected (0.00 sec)

Query OK, 1 row affected (0.00 sec)

Query OK, 1 row affected (0.00 sec)

Query OK, 1 row affected (0.00 sec)

Query OK, 1 row affected (0.00 sec)

Query OK, 1 row affected (0.00 sec)

Query OK, 1 row affected (0.00 sec)

Query OK, 1 row affected (0.00 sec)

Query OK, 1 row affected (0.01 sec)

Query OK, 1 row affected (0.00 sec)

+---------+
| result: |
+---------+
| ok      |
+---------+
1 row in set (0.00 sec)

mysql> show databases;
+--------------------+
| Database           |
+--------------------+
| information_schema |
| mydb               |
| mysql              |
| performance_schema |
| sys                |
| test               |
+--------------------+
6 rows in set (0.00 sec)

mysql> use test
Database changed
mysql> show tables;
+----------------+
| Tables_in_test |
+----------------+
| classes        |
| students       |
+----------------+
2 rows in set (0.00 sec)

mysql> source /Users/youjia/practice.sql;
Query OK, 0 rows affected (0.01 sec)

Query OK, 0 rows affected (0.00 sec)

Query OK, 0 rows affected (0.00 sec)

Query OK, 0 rows affected, 1 warning (0.00 sec)

Query OK, 0 rows affected (0.01 sec)

Query OK, 0 rows affected (0.00 sec)

Query OK, 0 rows affected (0.00 sec)

Query OK, 0 rows affected (0.00 sec)

Query OK, 0 rows affected (0.01 sec)

Query OK, 0 rows affected (0.00 sec)

Query OK, 0 rows affected (0.00 sec)

Query OK, 0 rows affected (0.00 sec)

Query OK, 0 rows affected, 1 warning (0.00 sec)

Query OK, 0 rows affected, 1 warning (0.10 sec)

Query OK, 0 rows affected, 1 warning (0.00 sec)

Query OK, 0 rows affected (0.01 sec)

Query OK, 0 rows affected (0.01 sec)

Query OK, 8 rows affected (0.01 sec)
Records: 8  Duplicates: 0  Warnings: 0

Query OK, 0 rows affected (0.00 sec)

Query OK, 0 rows affected (0.00 sec)

Query OK, 0 rows affected (0.01 sec)

Query OK, 0 rows affected (0.00 sec)

Query OK, 0 rows affected, 1 warning (0.00 sec)

Query OK, 0 rows affected, 2 warnings (0.04 sec)

Query OK, 0 rows affected, 1 warning (0.00 sec)

Query OK, 0 rows affected (0.00 sec)

Query OK, 0 rows affected (0.00 sec)

Query OK, 3 rows affected (0.01 sec)
Records: 3  Duplicates: 0  Warnings: 0

Query OK, 0 rows affected (0.00 sec)

Query OK, 0 rows affected (0.00 sec)

Query OK, 0 rows affected (0.00 sec)

Query OK, 0 rows affected (0.00 sec)

Query OK, 0 rows affected, 1 warning (0.00 sec)

Query OK, 0 rows affected, 5 warnings (0.03 sec)

Query OK, 0 rows affected, 1 warning (0.00 sec)

Query OK, 0 rows affected (0.01 sec)

Query OK, 0 rows affected (0.00 sec)

Query OK, 4 rows affected (0.01 sec)
Records: 4  Duplicates: 0  Warnings: 0

Query OK, 0 rows affected (0.01 sec)

Query OK, 0 rows affected (0.00 sec)

Query OK, 0 rows affected (0.01 sec)

Query OK, 0 rows affected (0.00 sec)

Query OK, 0 rows affected, 1 warning (0.00 sec)

Query OK, 0 rows affected, 2 warnings (0.02 sec)

Query OK, 0 rows affected, 1 warning (0.00 sec)

Query OK, 0 rows affected (0.01 sec)

Query OK, 0 rows affected (0.00 sec)

Query OK, 3 rows affected (0.01 sec)
Records: 3  Duplicates: 0  Warnings: 0

Query OK, 0 rows affected (0.00 sec)

Query OK, 0 rows affected (0.00 sec)

Query OK, 0 rows affected (0.00 sec)

Query OK, 0 rows affected (0.00 sec)

Query OK, 0 rows affected, 1 warning (0.00 sec)

Query OK, 0 rows affected, 2 warnings (0.04 sec)

Query OK, 0 rows affected, 1 warning (0.00 sec)

Query OK, 0 rows affected (0.00 sec)

Query OK, 0 rows affected (0.00 sec)

Query OK, 200 rows affected (0.03 sec)
Records: 200  Duplicates: 0  Warnings: 0

Query OK, 0 rows affected (0.00 sec)

Query OK, 0 rows affected (0.00 sec)

Query OK, 0 rows affected (0.00 sec)

Query OK, 0 rows affected (0.00 sec)

Query OK, 0 rows affected (0.00 sec)

Query OK, 0 rows affected (0.00 sec)

Query OK, 0 rows affected (0.00 sec)

Query OK, 0 rows affected (0.00 sec)

Query OK, 0 rows affected (0.00 sec)

Query OK, 0 rows affected (0.00 sec)

mysql> show databases;
+--------------------+
| Database           |
+--------------------+
| information_schema |
| mydb               |
| mysql              |
| performance_schema |
| sys                |
| test               |
+--------------------+
6 rows in set (0.00 sec)

mysql> show tables;
+----------------+
| Tables_in_test |
+----------------+
| classes        |
| disney         |
| jugyou21       |
| jugyou22       |
| jugyou23       |
| pi200          |
| students       |
+----------------+
7 rows in set (0.00 sec)

mysql> exit;
Bye
(base) youjiadeMacBook-Air:~ youjia$ mysql -u root -p
Enter password: 
Welcome to the MySQL monitor.  Commands end with ; or \g.
Your MySQL connection id is 28
Server version: 8.0.18 MySQL Community Server - GPL

Copyright (c) 2000, 2019, Oracle and/or its affiliates. All rights reserved.

Oracle is a registered trademark of Oracle Corporation and/or its
affiliates. Other names may be trademarks of their respective
owners.

Type 'help;' or '\h' for help. Type '\c' to clear the current input statement.

mysql> show databases;
+--------------------+
| Database           |
+--------------------+
| information_schema |
| mydb               |
| mysql              |
| performance_schema |
| sys                |
| test               |
+--------------------+
6 rows in set (0.01 sec)

mysql> exit;
Bye
(base) youjiadeMacBook-Air:~ youjia$ mysql -u root -p < init-test-data.sql
Enter password: 
result:
ok
(base) youjiadeMacBook-Air:~ youjia$ show databases;
-bash: show: command not found
(base) youjiadeMacBook-Air:~ youjia$ mysql -u root -p
Enter password: 
Welcome to the MySQL monitor.  Commands end with ; or \g.
Your MySQL connection id is 30
Server version: 8.0.18 MySQL Community Server - GPL

Copyright (c) 2000, 2019, Oracle and/or its affiliates. All rights reserved.

Oracle is a registered trademark of Oracle Corporation and/or its
affiliates. Other names may be trademarks of their respective
owners.

Type 'help;' or '\h' for help. Type '\c' to clear the current input statement.

mysql> show databases;
+--------------------+
| Database           |
+--------------------+
| information_schema |
| mydb               |
| mysql              |
| performance_schema |
| sys                |
| test               |
+--------------------+
6 rows in set (0.05 sec)

mysql> show tables;
ERROR 1046 (3D000): No database selected
mysql> use test
Reading table information for completion of table and column names
You can turn off this feature to get a quicker startup with -A

Database changed
mysql> show tables;
+----------------+
| Tables_in_test |
+----------------+
| classes        |
| disney         |
| jugyou21       |
| jugyou22       |
| jugyou23       |
| pi200          |
| students       |
+----------------+
7 rows in set (0.00 sec)

mysql> source /Users/youjia/init-test-data.sql;
Query OK, 1 row affected, 1 warning (0.00 sec)

Database changed
Query OK, 0 rows affected (0.05 sec)

Query OK, 0 rows affected (0.02 sec)

Query OK, 0 rows affected, 1 warning (0.03 sec)

Query OK, 0 rows affected, 1 warning (0.04 sec)

Query OK, 1 row affected (0.01 sec)

Query OK, 1 row affected (0.00 sec)

Query OK, 1 row affected (0.00 sec)

Query OK, 1 row affected (0.01 sec)

Query OK, 1 row affected (0.00 sec)

Query OK, 1 row affected (0.01 sec)

Query OK, 1 row affected (0.00 sec)

Query OK, 1 row affected (0.01 sec)

Query OK, 1 row affected (0.00 sec)

Query OK, 1 row affected (0.01 sec)

Query OK, 1 row affected (0.00 sec)

Query OK, 1 row affected (0.00 sec)

Query OK, 1 row affected (0.00 sec)

Query OK, 1 row affected (0.01 sec)

+---------+
| result: |
+---------+
| ok      |
+---------+
1 row in set (0.00 sec)

mysql> show tables;
+----------------+
| Tables_in_test |
+----------------+
| classes        |
| disney         |
| jugyou21       |
| jugyou22       |
| jugyou23       |
| pi200          |
| students       |
+----------------+
7 rows in set (0.00 sec)

mysql> use mydb;
Reading table information for completion of table and column names
You can turn off this feature to get a quicker startup with -A

Database changed
mysql> show tables;
+----------------+
| Tables_in_mydb |
+----------------+
| disney         |
| jugyou21       |
| jugyou22       |
| jugyou23       |
| pi200          |
+----------------+
5 rows in set (0.00 sec)

mysql> use test
Reading table information for completion of table and column names
You can turn off this feature to get a quicker startup with -A

Database changed
mysql> drop database test;
Query OK, 7 rows affected (0.30 sec)

mysql> show databases;
+--------------------+
| Database           |
+--------------------+
| information_schema |
| mydb               |
| mysql              |
| performance_schema |
| sys                |
+--------------------+
5 rows in set (0.00 sec)

mysql> source /Users/youjia/init-test-data.sql;
Query OK, 1 row affected (0.02 sec)

Database changed
Query OK, 0 rows affected, 1 warning (0.00 sec)

Query OK, 0 rows affected, 1 warning (0.01 sec)

Query OK, 0 rows affected, 1 warning (0.04 sec)

Query OK, 0 rows affected, 1 warning (0.03 sec)

Query OK, 1 row affected (0.01 sec)

Query OK, 1 row affected (0.00 sec)

Query OK, 1 row affected (0.00 sec)

Query OK, 1 row affected (0.01 sec)

Query OK, 1 row affected (0.00 sec)

Query OK, 1 row affected (0.01 sec)

Query OK, 1 row affected (0.00 sec)

Query OK, 1 row affected (0.00 sec)

Query OK, 1 row affected (0.00 sec)

Query OK, 1 row affected (0.01 sec)

Query OK, 1 row affected (0.00 sec)

Query OK, 1 row affected (0.00 sec)

Query OK, 1 row affected (0.01 sec)

Query OK, 1 row affected (0.00 sec)

+---------+
| result: |
+---------+
| ok      |
+---------+
1 row in set (0.00 sec)

mysql> show databases;
+--------------------+
| Database           |
+--------------------+
| information_schema |
| mydb               |
| mysql              |
| performance_schema |
| sys                |
| test               |
+--------------------+
6 rows in set (0.00 sec)

mysql> use test
Database changed
mysql> show tables;
+----------------+
| Tables_in_test |
+----------------+
| classes        |
| students       |
+----------------+
2 rows in set (0.00 sec)

mysql> SELECT * FROM classes;
+----+--------+
| id | name   |
+----+--------+
|  1 | 一班   |
|  2 | 二班   |
|  3 | 三班   |
|  4 | 四班   |
+----+--------+
4 rows in set (0.00 sec)

mysql> SELECT * FROM students;
+----+----------+--------+--------+-------+
| id | class_id | name   | gender | score |
+----+----------+--------+--------+-------+
|  1 |        1 | 小明   | M      |    90 |
|  2 |        1 | 小红   | F      |    95 |
|  3 |        1 | 小军   | M      |    88 |
|  4 |        1 | 小米   | F      |    73 |
|  5 |        2 | 小白   | F      |    81 |
|  6 |        2 | 小兵   | M      |    55 |
|  7 |        2 | 小林   | M      |    85 |
|  8 |        3 | 小新   | F      |    91 |
|  9 |        3 | 小王   | M      |    89 |
| 10 |        3 | 小丽   | F      |    85 |
+----+----------+--------+--------+-------+
10 rows in set (0.01 sec)

mysql> SELECT 100+200；
    -> SELECT 100+200；
    -> se;
ERROR 1064 (42000): You have an error in your SQL syntax; check the manual that corresponds to your MySQL server version for the right syntax to use near 'SELECT 100+200；
se' at line 2
mysql> SELECT 100+200;
+---------+
| 100+200 |
+---------+
|     300 |
+---------+
1 row in set (0.01 sec)

mysql> SELECT * FROM students WHERE scores>=80;
ERROR 1054 (42S22): Unknown column 'scores' in 'where clause'
mysql> SELECT * FROM students WHERE score>=80;
+----+----------+--------+--------+-------+
| id | class_id | name   | gender | score |
+----+----------+--------+--------+-------+
|  1 |        1 | 小明   | M      |    90 |
|  2 |        1 | 小红   | F      |    95 |
|  3 |        1 | 小军   | M      |    88 |
|  5 |        2 | 小白   | F      |    81 |
|  7 |        2 | 小林   | M      |    85 |
|  8 |        3 | 小新   | F      |    91 |
|  9 |        3 | 小王   | M      |    89 |
| 10 |        3 | 小丽   | F      |    85 |
+----+----------+--------+--------+-------+
8 rows in set (0.00 sec)

mysql> SELECT * FROM students WHERE scores>=80 OR gender='M';
ERROR 1054 (42S22): Unknown column 'scores' in 'where clause'
mysql> SELECT * FROM students WHERE score>=80 AND gender='M';
+----+----------+--------+--------+-------+
| id | class_id | name   | gender | score |
+----+----------+--------+--------+-------+
|  1 |        1 | 小明   | M      |    90 |
|  3 |        1 | 小军   | M      |    88 |
|  7 |        2 | 小林   | M      |    85 |
|  9 |        3 | 小王   | M      |    89 |
+----+----------+--------+--------+-------+
4 rows in set (0.00 sec)

mysql> SELECT * FROM students WHERE score>=80 OR gender='M';
+----+----------+--------+--------+-------+
| id | class_id | name   | gender | score |
+----+----------+--------+--------+-------+
|  1 |        1 | 小明   | M      |    90 |
|  2 |        1 | 小红   | F      |    95 |
|  3 |        1 | 小军   | M      |    88 |
|  5 |        2 | 小白   | F      |    81 |
|  6 |        2 | 小兵   | M      |    55 |
|  7 |        2 | 小林   | M      |    85 |
|  8 |        3 | 小新   | F      |    91 |
|  9 |        3 | 小王   | M      |    89 |
| 10 |        3 | 小丽   | F      |    85 |
+----+----------+--------+--------+-------+
9 rows in set (0.00 sec)

mysql> SELECT * FROM students WHERE NOT class_id=2;
+----+----------+--------+--------+-------+
| id | class_id | name   | gender | score |
+----+----------+--------+--------+-------+
|  1 |        1 | 小明   | M      |    90 |
|  2 |        1 | 小红   | F      |    95 |
|  3 |        1 | 小军   | M      |    88 |
|  4 |        1 | 小米   | F      |    73 |
|  8 |        3 | 小新   | F      |    91 |
|  9 |        3 | 小王   | M      |    89 |
| 10 |        3 | 小丽   | F      |    85 |
+----+----------+--------+--------+-------+
7 rows in set (0.00 sec)

mysql> SELECT * FROM students WHERE class_id><2;
ERROR 1064 (42000): You have an error in your SQL syntax; check the manual that corresponds to your MySQL server version for the right syntax to use near '><2' at line 1
mysql> SELECT * FROM students WHERE class_id<>2;
+----+----------+--------+--------+-------+
| id | class_id | name   | gender | score |
+----+----------+--------+--------+-------+
|  1 |        1 | 小明   | M      |    90 |
|  2 |        1 | 小红   | F      |    95 |
|  3 |        1 | 小军   | M      |    88 |
|  4 |        1 | 小米   | F      |    73 |
|  8 |        3 | 小新   | F      |    91 |
|  9 |        3 | 小王   | M      |    89 |
| 10 |        3 | 小丽   | F      |    85 |
+----+----------+--------+--------+-------+
7 rows in set (0.00 sec)

mysql> SELECT * FROM students WHERE (score<80) OR (score>90);
+----+----------+--------+--------+-------+
| id | class_id | name   | gender | score |
+----+----------+--------+--------+-------+
|  2 |        1 | 小红   | F      |    95 |
|  4 |        1 | 小米   | F      |    73 |
|  6 |        2 | 小兵   | M      |    55 |
|  8 |        3 | 小新   | F      |    91 |
+----+----------+--------+--------+-------+
4 rows in set (0.00 sec)

mysql> SELECT * FROM students WHERE (score<80 OR score>90) AND gender='M';
+----+----------+--------+--------+-------+
| id | class_id | name   | gender | score |
+----+----------+--------+--------+-------+
|  6 |        2 | 小兵   | M      |    55 |
+----+----------+--------+--------+-------+
1 row in set (0.00 sec)

mysql> SELECT * FROM students WHERE name LIKE '小%';
+----+----------+--------+--------+-------+
| id | class_id | name   | gender | score |
+----+----------+--------+--------+-------+
|  1 |        1 | 小明   | M      |    90 |
|  2 |        1 | 小红   | F      |    95 |
|  3 |        1 | 小军   | M      |    88 |
|  4 |        1 | 小米   | F      |    73 |
|  5 |        2 | 小白   | F      |    81 |
|  6 |        2 | 小兵   | M      |    55 |
|  7 |        2 | 小林   | M      |    85 |
|  8 |        3 | 小新   | F      |    91 |
|  9 |        3 | 小王   | M      |    89 |
| 10 |        3 | 小丽   | F      |    85 |
+----+----------+--------+--------+-------+
10 rows in set (0.01 sec)

mysql> SELECT id,name FROM students;
+----+--------+
| id | name   |
+----+--------+
|  1 | 小明   |
|  2 | 小红   |
|  3 | 小军   |
|  4 | 小米   |
|  5 | 小白   |
|  6 | 小兵   |
|  7 | 小林   |
|  8 | 小新   |
|  9 | 小王   |
| 10 | 小丽   |
+----+--------+
10 rows in set (0.00 sec)

mysql> SELECT id,name,score,point FROM students;
ERROR 1054 (42S22): Unknown column 'point' in 'field list'
mysql> SELECT id,name,score,points FROM students;
ERROR 1054 (42S22): Unknown column 'points' in 'field list'
mysql> SELECT score,points FROM students;
ERROR 1054 (42S22): Unknown column 'points' in 'field list'
mysql> SELECT id,name,score points FROM students;
+----+--------+--------+
| id | name   | points |
+----+--------+--------+
|  1 | 小明   |     90 |
|  2 | 小红   |     95 |
|  3 | 小军   |     88 |
|  4 | 小米   |     73 |
|  5 | 小白   |     81 |
|  6 | 小兵   |     55 |
|  7 | 小林   |     85 |
|  8 | 小新   |     91 |
|  9 | 小王   |     89 |
| 10 | 小丽   |     85 |
+----+--------+--------+
10 rows in set (0.00 sec)

mysql> SELECT id,name,score points FROM students WHERE gender='M';
+----+--------+--------+
| id | name   | points |
+----+--------+--------+
|  1 | 小明   |     90 |
|  3 | 小军   |     88 |
|  6 | 小兵   |     55 |
|  7 | 小林   |     85 |
|  9 | 小王   |     89 |
+----+--------+--------+
5 rows in set (0.00 sec)

mysql> 
